.....
----------------------------------------------------------------------
Ran 5 tests in 0.009s

OK
